[mh-distillery.com/index.html]
[backblue.gif]
[fade.gif]
[index.html]
[mh-distillery.com/wp-content/themes/anova/assets/images/favicon.ico]
[mh-distillery.com/wp-content/uploads/2018/01/logo.png]
[mh-distillery.com/he/index.html]
[ajax.googleapis.com/ajax/libs/jquery/1.10.2/jquery.min.js]
[mh-distillery.com/wp-content/themes/roots/assets/js/vendor/jquery-1.10.2.min.js]
[mh-distillery.com/wp-content/plugins/woocommerce-multilingual/res/js/front-scripts.minb523.js]
[mh-distillery.com/wp-content/plugins/woocommerce-multilingual/res/js/cart_widget.minb523.js]
[mh-distillery.com/wp-content/plugins/sitepress-multilingual-cms/res/js/jquery.cookie5fc8.js]
[mh-distillery.com/wp-content/plugins/sitepress-multilingual-cms/res/js/cookies/language-cookie433d.js]
[mh-distillery.com/wp-content/plugins/rac/assets/js/fp-rac-guest-checkoutc559.js]
[mh-distillery.com/wp-content/plugins/rac/assets/sweetalert2/sweetalert2.min433d.js]
[mh-distillery.com/wp-content/plugins/woocommerce-follow-up-emails/templates/js/fue-account-subscriptions5111.js]
[mh-distillery.com/wp-content/plugins/woocommerce-menu-bar-cart/javascript/wpmenucart-ajax-assist433d.js]
[mh-distillery.com/wp-content/themes/roots/assets/js/vendor/modernizr-2.6.2.min.js]
[mh-distillery.com/wp-json/oembed/1.0/embede326.json]
[mh-distillery.com/wp-json/index.html]
[mh-distillery.com/wp-json/oembed/1.0/embed2b0e]
[mh-distillery.com/wp-content/uploads/2018/01/cropped-logo-32x32.png]
[mh-distillery.com/wp-content/uploads/2018/01/cropped-logo-192x192.png]
[mh-distillery.com/wp-content/uploads/2018/01/cropped-logo-180x180.png]
[www.google-analytics.com/analytics.js]
[mh-distillery.com/wp-content/themes/anova/assets/js/buttons.js]
[assets.pinterest.com/js/pinit.js]
[mh-distillery.com/feed/index.html]
[connect.facebook.net/en_GB/sdk.js]
[cdn.taboola.com/libtrc/flow-mh-sc/tfa.js]
[mh-distillery.com/wp-content/themes/anova/assets/images/background.jpg]
[mh-distillery.com/wp-content/uploads/2016/04/icon-login.png]
[mh-distillery.com/wp-content/themes/anova/assets/images/logo-web.jpg]
[mh-distillery.com/wp-content/themes/anova/assets/images/yellow-strips.png]
[mh-distillery.com/wp-content/themes/anova/assets/images/logo.png]
[mh-distillery.com/wp-content/themes/anova/assets/images/facebook.png]
[mh-distillery.com/wp-content/themes/anova/assets/images/instagram.png]
[mh-distillery.com/our-spirits/index.html]
[mh-distillery.com/cask/index.html]
[mh-distillery.com/tours/index.html]
[mh-distillery.com/wp-content/themes/anova/assets/images/trip-advisor-icon.png]
[mh-distillery.com/products-category/the-cocktails/index.html]
[mh-distillery.com/wp-content/themes/anova/assets/images/twitter.png]
[mh-distillery.com/about/index.html]
[mh-distillery.com/business-tours/index.html]
[mh-distillery.com/wp-content/themes/anova/assets/images/youtube.png]
[mh-distillery.com/wp-content/themes/anova/assets/images/trip-advisor-yellow-icon.png]
[mh-distillery.com/store-category/europe/index.html]
[mh-distillery.com/bar-category/israel/index.html]
[mh-distillery.com/wp-content/uploads/2019/08/MH_Main_Slider_Products-_31_7_D.jpg]
[mh-distillery.com/contact/index.html]
[mh-distillery.com/wp-content/uploads/2019/08/MH_Main_Slider_Products-_mobile_31_7_C_eng.jpg]
[mh-distillery.com/wp-content/uploads/2016/03/MH_Main_Slider_visit.jpg]
[mh-distillery.com/what-they-say-about-us/index.html]
[mh-distillery.com/wp-content/uploads/2016/03/MH_mobile_Slider_visit.jpg]
[mh-distillery.com/visit-our-distillery/index.html]
[mh-distillery.com/wp-content/uploads/2018/11/MH_Main_Slider_Products-_5-11-2018.jpg]
[mh-distillery.com/wp-content/uploads/2018/11/MH_Main_Slider_Products-_mobile_5-11-2018-1.jpg]
[mh-distillery.com/wp-content/uploads/2018/08/MH_Banner_Eng-1.jpg]
[mh-distillery.com/wp-content/uploads/2016/03/MH_Banner_M_En.jpg]
[mh-distillery.com/wp-content/uploads/2018/10/MH_storelocator_banner_23-10-2.jpg]
[mh-distillery.com/wp-content/uploads/2018/10/MH_Banner_Mobile_wwproducts.jpg]
[mh-distillery.com/wp-content/uploads/2018/10/MH_Main_Slider_cocktails-_2018.jpg]
[mh-distillery.com/wp-content/uploads/2018/10/MH_Banner_Mobile_cocktails_.jpg]
[mh-distillery.com/wp-content/uploads/2016/03/Our-spirits-New-bottle-s.jpg]
[mh-distillery.com/wp-content/uploads/2016/03/Our-spirits-mobile-eng.jpg]
[mh-distillery.com/wp-content/uploads/2016/03/home-who.jpg]
[mh-distillery.com/wp-content/uploads/2016/03/MH_Home_M_who.jpg]
[mh-distillery.com/products-category/our-spirits/index.html]
[mh-distillery.com/wp-content/uploads/2016/03/MH_Home_M_480_who-1.jpg]
[mh-distillery.com/wp-content/uploads/2016/03/icon.png]
[mh-distillery.com/wp-content/uploads/2016/03/MH_TelAviv_Home.jpg]
[mh-distillery.com/wp-content/uploads/2016/03/MH_Distilley_Home.jpg]
[mh-distillery.com/wp-content/uploads/2016/03/MH_Home_M_visit-999.jpg]
[mh-distillery.com/index0137.html]
[mh-distillery.com/wp-content/uploads/2016/03/MH_Home_M_480_visit-1.jpg]
[mh-distillery.com/wp-content/uploads/2016/03/MH_Cocktail_01_SQ_web.jpg]
[mh-distillery.com/wp-content/uploads/2016/04/MH_Cocktail_04_SQ_web.jpg]
[mh-distillery.com/wp-content/uploads/2016/05/Silver-screen.jpg]
[mh-distillery.com/wp-content/uploads/2016/05/MH_Cocktail_06_CU_SQ_web.jpg]
[mh-distillery.com/wp-content/uploads/2016/05/MH_Cocktail_05_CU_SQ_web.jpg]
[mh-distillery.com/wp-content/uploads/2016/03/icon-1-1.png]
[mh-distillery.com/wp-content/themes/anova/assets/images/icon-cock.png]
[mh-distillery.com/wp-content/uploads/2016/03/bar-locator.png]
[mh-distillery.com/wp-content/uploads/2016/04/icon-MH.png]
[mh-distillery.com/wp-content/themes/anova/assets/js/slick.js]
[mh-distillery.com/wp-content/themes/anova/assets/js/jquery.validate.min.js]
[mh-distillery.com/supporter/index.html]
[code.jquery.com/ui/1.11.4/jquery-ui.js]
[mh-distillery.com/wp-content/plugins/contact-form-7/includes/js/scriptsaead.js]
[mh-distillery.com/wp-content/plugins/woocommerce-follow-up-emails/templates/js/fue-front5111.js]
[mh-distillery.com/wp-content/plugins/woocommerce/assets/js/frontend/add-to-cart.mincd45.js]
[mh-distillery.com/wp-content/plugins/woocommerce/assets/js/jquery-blockui/jquery.blockUI.min44fd.js]
[mh-distillery.com/wp-content/plugins/woocommerce/assets/js/js-cookie/js.cookie.min6b25.js]
[mh-distillery.com/wp-content/plugins/woocommerce/assets/js/frontend/woocommerce.mincd45.js]
[mh-distillery.com/wp-content/plugins/woocommerce/assets/js/frontend/cart-fragments.mincd45.js]
[mh-distillery.com/wp-content/plugins/mc4wp-premium/ecommerce3/assets/js/tracker.min8686.js]
[mh-distillery.com/wp-content/themes/roots/assets/js/scripts.min3ca3.js]
[mh-distillery.com/wp-includes/js/wp-embed.min433d.js]
[www.google.com/recaptcha/apiae20.js]
[mh-distillery.com/wp-content/plugins/mailchimp-for-wp/assets/js/forms-api.min4189.js]
[mh-distillery.com/wp-content/plugins/mc4wp-premium/ajax-forms/assets/js/ajax-forms.min8686.js]
[mh-distillery.com/wp-content/themes/anova/assets/js/anova.js]
[acsbap.com/api/app/assets/js/acsb.js]
[mh-distillery.com/wp-admin/admin-ajax.php]
[mh-distillery.com/index.html]
[mh-distillery.com/wp-json/oembed/1.0/embedf095]
[mh-distillery.com/wp-json/oembed/1.0/embed1bc5]
[mh-distillery.com/he/feed/index.html]
[mh-distillery.com/wp-content/themes/anova/assets/images/yellow-strips-he.png]
[mh-distillery.com/wp-content/uploads/2019/08/MH_Main_Slider_Products-_31_7_D_heb.jpg]
[mh-distillery.com/he/our-products/index.html]
[mh-distillery.com/wp-content/uploads/2019/08/MH_Main_Slider_Products-_mobile_31_7_C_heb.jpg]
[mh-distillery.com/he/cask/index.html]
[mh-distillery.com/he/מארזי-חג/index.html]
[mh-distillery.com/wp-content/uploads/2018/11/MH_Main_Slider_visit_heb.jpg]
[mh-distillery.com/he/products-category/קוקטיילים/index.html]
[mh-distillery.com/he/tours/index.html]
[mh-distillery.com/wp-content/uploads/2018/11/MH_mobile_Slider_visit_heb.jpg]
[mh-distillery.com/he/business-tours/index.html]
[mh-distillery.com/wp-content/uploads/2019/09/MH_Slider_Holiday-2019.jpg]
[mh-distillery.com/he/about/index.html]
[mh-distillery.com/wp-content/uploads/2019/09/MH_mobile_Slider_Holiday-2019.jpg]
[mh-distillery.com/he/store-category/ישראל/index.html]
[mh-distillery.com/he/bar-category/ישראל/index.html]
[mh-distillery.com/wp-content/uploads/2018/11/MH_storelocator_banner_5-11-hebrew.jpg]
[mh-distillery.com/he/contact/index.html]
[mh-distillery.com/wp-content/uploads/2018/11/MH_Banner_MobileHEB_wwproducts_2.jpg]
[mh-distillery.com/wp-content/uploads/2018/11/MH_Main_Slider_cocktailsHEB-2018_.jpg]
[mh-distillery.com/he/visit-our-distillery/index.html]
[mh-distillery.com/he/giftcard/index.html]
[mh-distillery.com/wp-content/uploads/2018/11/MH_Banner_Mobile_cocktails_HEB-1.jpg]
[mh-distillery.com/wp-content/uploads/2016/03/MH_spirits_HEB29-1-18-.jpg]
[mh-distillery.com/wp-content/uploads/2016/03/Our-spirits-New-bottle-mobile-heb-e1508151124875.jpg]
[mh-distillery.com/he/index.html]
[mh-distillery.com/he/products-category/our-products-he/index.html]
[mh-distillery.com/wp-content/plugins/contact-form-7/images/ajax-loader.gif]
[mh-distillery.com/wp-content/plugins/contact-form-7/includes/css/stylesaead.css]
[mh-distillery.com/wp-content/plugins/rac/assets/sweetalert2/sweetalert2.min433d.css]
[mh-distillery.com/wp-content/plugins/rac/assets/sweetalert2/sweetalert2433d.css]
[ajax.googleapis.com/ajax/libs/jqueryui/1.11.4/themes/smoothness/images/ui-bg_flat_75_ffffff_40x100.png]
[ajax.googleapis.com/ajax/libs/jqueryui/1.11.4/themes/smoothness/images/ui-bg_highlight-soft_75_cccccc_1x100.png]
[ajax.googleapis.com/ajax/libs/jqueryui/1.11.4/themes/smoothness/images/ui-bg_glass_75_e6e6e6_1x400.png]
[ajax.googleapis.com/ajax/libs/jqueryui/1.11.4/themes/smoothness/images/ui-bg_glass_75_dadada_1x400.png]
[ajax.googleapis.com/ajax/libs/jqueryui/1.11.4/themes/smoothness/images/ui-bg_glass_65_ffffff_1x400.png]
[mh-distillery.com/he/supporter/index.html]
[ajax.googleapis.com/ajax/libs/jqueryui/1.11.4/themes/smoothness/images/ui-bg_glass_55_fbf9ee_1x400.png]
[ajax.googleapis.com/ajax/libs/jqueryui/1.11.4/themes/smoothness/images/ui-bg_glass_95_fef1ec_1x400.png]
[ajax.googleapis.com/ajax/libs/jqueryui/1.11.4/themes/smoothness/images/ui-icons_222222_256x240.png]
[ajax.googleapis.com/ajax/libs/jqueryui/1.11.4/themes/smoothness/images/ui-icons_888888_256x240.png]
[ajax.googleapis.com/ajax/libs/jqueryui/1.11.4/themes/smoothness/images/ui-icons_454545_256x240.png]
[ajax.googleapis.com/ajax/libs/jqueryui/1.11.4/themes/smoothness/images/ui-icons_2e83ff_256x240.png]
[ajax.googleapis.com/ajax/libs/jqueryui/1.11.4/themes/smoothness/images/ui-icons_cd0a0a_256x240.png]
[ajax.googleapis.com/ajax/libs/jqueryui/1.11.4/themes/smoothness/images/ui-bg_flat_0_aaaaaa_40x100.png]
[ajax.googleapis.com/ajax/libs/jqueryui/1.11.4/themes/smoothness/jquery-ui.min433d.css]
[mh-distillery.com/he/indexd98b.html]
[mh-distillery.com/wp-content/plugins/woocommerce-bookings/assets/images/ui-icons_ffffff_256x240.png]
[mh-distillery.com/wp-content/plugins/woocommerce-bookings/assets/css/frontend4a80.css]
[mh-distillery.com/wp-content/plugins/woocommerce-follow-up-emails/templates/followups5111.css]
[mh-distillery.com/wp-content/plugins/woocommerce-menu-bar-cart/css/wpmenucart-icons433d.css]
[mh-distillery.com/wp-content/plugins/woocommerce-menu-bar-cart/font/fontawesome-webfont3e6e.eot]
[mh-distillery.com/wp-content/plugins/woocommerce-menu-bar-cart/font/fontawesome-webfontd41d.eot]
[mh-distillery.com/wp-content/plugins/woocommerce-menu-bar-cart/font/fontawesome-webfont3e6e.woff2]
[mh-distillery.com/wp-content/plugins/woocommerce-menu-bar-cart/font/fontawesome-webfont3e6e.woff]
[mh-distillery.com/wp-content/plugins/woocommerce-menu-bar-cart/font/fontawesome-webfont3e6e.ttf]
[mh-distillery.com/wp-content/plugins/woocommerce-menu-bar-cart/css/wpmenucart-fontawesome433d.css]
[mh-distillery.com/wp-content/plugins/woocommerce-menu-bar-cart/css/wpmenucart-main433d.css]
[mh-distillery.com/wp-content/plugins/woocommerce/assets/css/woocommerce-layoutcd45.css]
[mh-distillery.com/wp-content/plugins/woocommerce/assets/css/woocommerce-smallscreencd45.css]
[mh-distillery.com/wp-content/plugins/woocommerce/assets/fonts/star.eot]
[mh-distillery.com/wp-content/plugins/woocommerce/assets/fonts/stard41d.eot]
[mh-distillery.com/wp-content/plugins/woocommerce/assets/fonts/star.woff]
[mh-distillery.com/wp-content/plugins/woocommerce/assets/fonts/star.ttf]
[mh-distillery.com/wp-content/plugins/woocommerce/assets/fonts/WooCommerce.eot]
[mh-distillery.com/wp-content/plugins/woocommerce/assets/fonts/WooCommerced41d.eot]
[mh-distillery.com/wp-content/plugins/woocommerce/assets/fonts/WooCommerce.woff]
[mh-distillery.com/wp-content/plugins/woocommerce/assets/fonts/WooCommerce.ttf]
[mh-distillery.com/wp-content/plugins/woocommerce/assets/css/woocommercecd45.css]
[mh-distillery.com/wp-content/plugins/sitepress-multilingual-cms/templates/language-switchers/legacy-list-horizontal/style68b3.css]
[mh-distillery.com/wp-content/themes/roots/assets/fonts/glyphicons-halflings-regular.eot]
[mh-distillery.com/wp-content/themes/roots/assets/fonts/glyphicons-halflings-regulard41d.eot]
[mh-distillery.com/wp-content/themes/roots/assets/fonts/glyphicons-halflings-regular.woff]
[mh-distillery.com/wp-content/themes/roots/assets/fonts/glyphicons-halflings-regular.ttf]
[mh-distillery.com/wp-content/themes/roots/assets/css/main.min9478.css]
[www.googletagmanager.com/gtm5445.html]
[mh-distillery.com/wp-content/themes/anova/assets/css/ajax-loader.gif]
[mh-distillery.com/wp-content/themes/anova/assets/css/fonts/slick.eot]
[mh-distillery.com/wp-content/themes/anova/assets/css/fonts/slickd41d.eot]
[mh-distillery.com/wp-content/themes/anova/assets/css/fonts/slick.woff]
[mh-distillery.com/wp-content/themes/anova/assets/css/fonts/slick.ttf]
[mh-distillery.com/wp-content/themes/anova/assets/css/slick-theme.css]
[mh-distillery.com/wp-content/themes/anova/assets/css/slick.css]
[mh-distillery.com/wp-content/themes/anova/assets/images/arrow.png]
[mh-distillery.com/wp-content/themes/anova/assets/images/btn-next-base.png]
[mh-distillery.com/wp-content/themes/anova/assets/images/btn-prev-base.png]
[mh-distillery.com/wp-content/themes/anova/assets/images/btn-prev-only-hover.png]
[mh-distillery.com/wp-content/themes/anova/assets/images/btn-next-only-hover.png]
[mh-distillery.com/wp-content/themes/anova/assets/images/btn-next-cock.png]
[mh-distillery.com/wp-content/themes/anova/assets/images/btn-prev-cock.png]
[mh-distillery.com/wp-content/themes/anova/assets/images/btn-prev-hover-cock.png]
[mh-distillery.com/wp-content/themes/anova/assets/images/btn-next-hover-cock.png]
[mh-distillery.com/wp-content/themes/anova/assets/images/btn-small-next.png]
[mh-distillery.com/wp-content/themes/anova/assets/images/btn-small-prev.png]
[mh-distillery.com/wp-content/themes/anova/assets/images/like-icon.png]
[mh-distillery.com/wp-content/themes/anova/assets/images/like-icon-hover.png]
[mh-distillery.com/wp-content/themes/anova/assets/images/share-icon.png]
[mh-distillery.com/wp-content/themes/anova/assets/images/share-icon-hover.png]
[mh-distillery.com/wp-content/themes/anova/assets/images/print-icon.png]
[mh-distillery.com/wp-content/themes/anova/assets/images/print-icon-hover.png]
[mh-distillery.com/wp-content/themes/anova/assets/images/btn-next.png]
[mh-distillery.com/wp-content/themes/anova/assets/images/btn-prev.png]
[mh-distillery.com/wp-content/themes/anova/assets/images/button-text.png]
[mh-distillery.com/wp-content/themes/anova/assets/images/button-scroll.png]
[mh-distillery.com/wp-content/themes/anova/assets/images/next-post.png]
[mh-distillery.com/wp-content/themes/anova/assets/images/v.png]
[mh-distillery.com/wp-content/themes/anova/assets/images/prev-post.png]
[mh-distillery.com/wp-content/themes/anova/assets/images/mini-cart-eng.png]
[mh-distillery.com/wp-content/themes/anova/assets/images/fcontact.png]
[mh-distillery.com/wp-content/themes/anova/assets/images/fcontact-h.png]
[mh-distillery.com/wp-content/themes/anova/assets/images/black_arrow_right.png]
[mh-distillery.com/wp-content/themes/anova/assets/images/close_marker.jpg]
[mh-distillery.com/wp-content/themes/anova/assets/images/select_bg.png]
[mh-distillery.com/wp-content/themes/anova/assets/images/arrow_right.png]
[mh-distillery.com/wp-content/themes/anova/assets/images/arrow_left.png]
[mh-distillery.com/wp-content/themes/anova/assets/images/eye.png]
[mh-distillery.com/wp-content/themes/anova/assets/images/print.png]
[mh-distillery.com/wp-content/themes/anova/assets/images/share.png]
[mh-distillery.com/wp-content/themes/anova/assets/images/popup_fb.png]
[mh-distillery.com/wp-content/themes/anova/assets/images/popup_twitter.png]
[mh-distillery.com/wp-content/themes/anova/assets/images/popup_mail.jpg]
[mh-distillery.com/wp-content/themes/anova/assets/images/black_arrow_right_hover.png]
[mh-distillery.com/wp-content/uploads/2019/07/new-bg-hor.jpg]
[mh-distillery.com/wp-content/uploads/2019/07/new-bg-hor-EN.jpg]
[mh-distillery.com/wp-content/themes/anova/stylef700.css]
[connect.facebook.net/en_GB/sdk.js]
[mh-distillery.com/wp-content/uploads/2019/02/5.jpg]
[mh-distillery.com/wp-json/oembed/1.0/embed58b3.json]
[mh-distillery.com/wp-json/oembed/1.0/embed30e6]
[mh-distillery.com/wp-content/uploads/2018/04/MH_roots-liqour.png]
[mh-distillery.com/wp-content/uploads/2019/02/MH-YSM-Orphaned-land.png]
[mh-distillery.com/wp-content/uploads/2018/03/MH_peated_whisky.png]
[mh-distillery.com/wp-content/uploads/2017/05/MH-SingleMalt-small.png]
[mh-distillery.com/wp-content/uploads/2016/06/MH-NM-Medal_Packshot_NEW.png]
[mh-distillery.com/wp-content/uploads/2016/06/MH-Gin-web-prize_new2.png]
[mh-distillery.com/wp-content/uploads/2018/04/MH-gin-aged_B_new.png]
[mh-distillery.com/wp-content/uploads/2017/10/MH-Cask-series.png]
[mh-distillery.com/wp-content/uploads/2018/02/MH-Gift-sets.png]
[mh-distillery.com/wp-content/uploads/2019/02/MH-YSM-LAST-website_B_new.png]
[mh-distillery.com/wp-content/uploads/2018/03/MH-YSM-triple.png]
[mh-distillery.com/roots/index.html]
[mh-distillery.com/wp-content/uploads/2017/10/MH-YSM-36.png]
[mh-distillery.com/wp-content/uploads/2017/05/MH_Young-Single-Malt-small.png]
[mh-distillery.com/wp-content/uploads/2016/06/MH_Cask10-002.png]
[mh-distillery.com/wp-content/uploads/2016/06/MH_Cask04-002.png]
[mh-distillery.com/wp-content/uploads/2018/02/MH_products_sets_03.png]
[mh-distillery.com/wp-content/uploads/2018/02/MH_products_sets_07.png]
[mh-distillery.com/our-spirits/index.html]
[mh-distillery.com/wp-json/oembed/1.0/embed945d.json]
[mh-distillery.com/wp-json/oembed/1.0/embedee2c]
[mh-distillery.com/wp-content/uploads/2018/01/MH_cask16-1-18_2_02.jpg]
[mh-distillery.com/wp-content/uploads/2018/01/mobile_cask_29-1-18_02.jpg]
[mh-distillery.com/wp-content/uploads/2018/01/m_2_04.jpg]
[mh-distillery.com/wp-content/uploads/2018/01/mobile_cask_29-1-18_03.jpg]
[mh-distillery.com/wp-content/uploads/2019/03/MH__cask-offer_27_02_digital_spreads.pdf]
[mh-distillery.com/wp-content/uploads/2018/01/download_icon.png]
[mh-distillery.com/wp-content/uploads/2018/01/MH-Purchase-order-form.pdf]
[mh-distillery.com/wp-content/uploads/2018/01/MH_cask_contract.pdf]
[mh-distillery.com/cask/index.html]
[mh-distillery.com/wp-content/themes/anova/assets/images/pinterest_32.jpg]
[mh-distillery.com/wp-content/uploads/2019/04/DSCF6628.png]
[mh-distillery.com/products-category/the-cocktails/page/2/index.html]
[mh-distillery.com/wp-content/uploads/2018/08/summer-mule.jpg]
[mh-distillery.com/wp-content/uploads/2018/08/pineapple-delight.jpg]
[mh-distillery.com/wp-content/uploads/2018/08/MH_cocktail_03_CU_SQ_web.jpg]
[mh-distillery.com/wp-content/uploads/2018/08/strawberry-fields.jpg]
[mh-distillery.com/wp-content/uploads/2018/08/MH_Cocktail_02_SQ_web.jpg]
[mh-distillery.com/wp-content/uploads/2018/08/MH_Cocktail_07_CU_SQ_web.jpg]
[mh-distillery.com/wp-content/uploads/2018/08/gin-tonic-perferct-serve.jpg]
[mh-distillery.com/wp-content/uploads/2018/08/green-levantine.jpg]
[mh-distillery.com/wp-content/uploads/2018/08/rothchild-blvd.jpg]
[mh-distillery.com/wp-content/uploads/2018/08/mama-cass.jpg]
[mh-distillery.com/wp-content/uploads/2018/08/mediterranean-daiquiri-1.jpg]
[mh-distillery.com/wp-content/uploads/2018/08/local-hero.jpg]
[mh-distillery.com/wp-content/themes/anova/assets/images/popup_close.png]
[mh-distillery.com/products-category/the-cocktails/index.html]
[mh-distillery.com/wp-json/oembed/1.0/embed225a.json]
[mh-distillery.com/wp-json/oembed/1.0/embedfe0f]
[mh-distillery.com/wp-content/uploads/2018/07/tours_page_bg.jpg]
[mh-distillery.com/wp-content/uploads/2019/01/236-1.jpg]
[mh-distillery.com/wp-content/themes/anova/assets/images/icon_duration.png]
[mh-distillery.com/product/the-wonderful-world-of-whisky-english/index.html]
[mh-distillery.com/wp-content/uploads/2018/07/DSC_3831.jpg]
[mh-distillery.com/product/the-wonderful-world-of-whisky-hebrew/index.html]
[mh-distillery.com/wp-content/uploads/2019/09/shahar-181218-0553-Blazer.jpg]
[mh-distillery.com/wp-content/uploads/2019/09/untitled-50.jpg]
[mh-distillery.com/product/secrets-of-the-barrel-room-hebrew/index.html]
[mh-distillery.com/product/secrets-of-the-barrel-room-english/index.html]
[mh-distillery.com/wp-content/uploads/2018/12/MHII_0217.jpg]
[mh-distillery.com/product/cocktail-workshop-and-distillery-tour-hebrew/index.html]
[mh-distillery.com/wp-content/uploads/2019/09/db-6303-2.jpg]
[mh-distillery.com/product/gin-craze-hebrew/index.html]
[mh-distillery.com/wp-content/uploads/2018/07/סדנת-קוקטיילים.jpg]
[mh-distillery.com/product/the-new-world-of-whisky-hebrew__trashed/index.html]
[mh-distillery.com/product/distillers-experience-hebrew/index.html]
[mh-distillery.com/wp-content/uploads/2018/09/special-offer-icons.png]
[mh-distillery.com/wp-content/themes/anova/assets/images/icon_people.png]
[mh-distillery.com/wp-content/themes/anova/assets/images/icon_next.png]
[mh-distillery.com/tours/index.html]
[mh-distillery.com/store-category/israel/index.html]
[mh-distillery.com/cancellation-policy/index.html]
[mh-distillery.com/wp-json/oembed/1.0/embeda03a.json]
[mh-distillery.com/wp-json/oembed/1.0/embede92a]
[mh-distillery.com/wp-content/uploads/2018/12/business.png]
[mh-distillery.com/wp-content/uploads/2018/09/Megaphone-Icon.png]
[mh-distillery.com/wp-content/uploads/2018/09/VIP-Icon.png]
[mh-distillery.com/wp-content/uploads/2018/09/People-Icon.png]
[mh-distillery.com/wp-content/uploads/2018/09/K-Icon.png]
[mh-distillery.com/wp-content/uploads/2018/09/Needle-Icon.png]
[mh-distillery.com/wp-content/uploads/2018/09/Parking-Icon.png]
[mh-distillery.com/wp-content/uploads/2018/09/Picture-n2.png]
[mh-distillery.com/wp-content/uploads/2018/07/icon1.png]
[mh-distillery.com/wp-content/themes/anova/assets/images/people.png]
[mh-distillery.com/wp-content/themes/anova/assets/images/clock.png]
[mh-distillery.com/wp-content/uploads/2018/07/icon2.png]
[mh-distillery.com/wp-content/uploads/2018/09/cocktail.png]
[mh-distillery.com/wp-content/uploads/2018/12/MH_new_world_icon.jpg]
[mh-distillery.com/wp-content/uploads/2018/09/blending.png]
[mh-distillery.com/wp-content/uploads/2018/12/MH_gin-icon-1.jpg]
[mh-distillery.com/wp-content/plugins/wp-contact-slider/img/cursor_close.png]
[mh-distillery.com/wp-content/plugins/wp-contact-slider/img/delete-sign.png]
[mh-distillery.com/business-tours/index.html]
[mh-distillery.com/wp-json/oembed/1.0/embedac34.json]
[mh-distillery.com/wp-json/oembed/1.0/embedb2a3]
[mh-distillery.com/wp-content/uploads/2016/03/MH_Who_M_titlelogo.jpg]
[mh-distillery.com/wp-content/uploads/2016/03/icon-1.png]
[mh-distillery.com/wp-content/uploads/2016/03/MH_Who1.png]
[mh-distillery.com/wp-content/uploads/2016/03/Rectangle-icon.png]
[mh-distillery.com/wp-content/uploads/2016/03/MH_Who2.png]
[mh-distillery.com/wp-content/uploads/2016/03/icon-abuot.png]
[mh-distillery.com/wp-content/uploads/2016/03/No_Compromise.png]
[mh-distillery.com/wp-content/uploads/2016/03/the_dreamers.jpg]
[mh-distillery.com/wp-content/uploads/2016/03/MH_Who_M_dreamers.jpg]
[mh-distillery.com/about/index.html]
[mh-distillery.com/wp-content/themes/anova/assets/images/store_drop.png]
[mh-distillery.com/products-category/our-products/index.html]
[mh-distillery.com/store-category/europe/index.html]
[mh-distillery.com/bar-category/israel/index.html]
[mh-distillery.com/he/store-category/אירופה/index.html]
[mh-distillery.com/store-category/europe/page/2/index.html]
[mh-distillery.com/store-category/europe/belgium-3/index5193.html]
[mh-distillery.com/wp-json/oembed/1.0/embedf3d9.json]
[mh-distillery.com/store-category/europe/united-kingdom/indexf8ad.html]
[mh-distillery.com/store-category/europe/netherlands/index2426.html]
[mh-distillery.com/store-category/europe/france/indexeede.html]
[mh-distillery.com/wp-json/oembed/1.0/embedeb70]
[mh-distillery.com/store-category/europe/luxembourg/indexcf95.html]
[mh-distillery.com/wp-content/uploads/2019/02/PRESS_27-1_banner-2000px.jpg]
[mh-distillery.com/store-category/israel/north/index6267.html]
[mh-distillery.com/store-category/israel/tel-aviv/indexf62b.html]
[mh-distillery.com/store-category/israel/center/index82d5.html]
[mh-distillery.com/wp-content/uploads/2019/09/1-1.jpg]
[mh-distillery.com/bar-category/israel/page/2/index.html]
[mh-distillery.com/store-category/israel/south/indexa611.html]
[mh-distillery.com/wp-content/uploads/2019/02/236-1.jpg]
[mh-distillery.com/bar-category/europe/index.html]
[mh-distillery.com/bar-category/europe/france/indexa4cd.html]
[mh-distillery.com/bar-category/israel/tel-aviv/index6bc1.html]
[mh-distillery.com/wp-content/uploads/2019/02/1.jpg]
[mh-distillery.com/wp-content/uploads/2019/07/PRESS_27-1.jpg]
[mh-distillery.com/wp-content/uploads/2019/02/tasting-table.jpg]
[mh-distillery.com/wp-content/uploads/2019/03/masterofmalt.jpg]
[mh-distillery.com/wp-content/uploads/2019/02/scotchwhisky.jpg]
[mh-distillery.com/wp-content/uploads/2019/02/2-1.jpg]
[mh-distillery.com/wp-content/uploads/2019/02/6.jpg]
[mh-distillery.com/wp-content/uploads/2019/02/forbes-e1551013777622.jpg]
[mh-distillery.com/wp-content/uploads/2019/02/2.jpg]
[mh-distillery.com/wp-content/uploads/2019/02/1-1.jpg]
[mh-distillery.com/wp-content/uploads/2019/02/4-1.jpg]
[mh-distillery.com/wp-content/uploads/2019/02/daily-mail-e1551013860791.jpg]
[mh-distillery.com/wp-content/uploads/2019/02/3-1.jpg]
[mh-distillery.com/wp-content/uploads/2019/02/drinskin-e1551013897602.jpg]
[mh-distillery.com/wp-content/uploads/2019/02/4.jpg]
[mh-distillery.com/what-they-say-about-us/index.html]
[mh-distillery.com/wp-json/oembed/1.0/embed9585.json]
[mh-distillery.com/contact/index.html]
[mh-distillery.com/wp-json/oembed/1.0/embed166f]
[mh-distillery.com/visit-our-distillery/index.html]
[mh-distillery.com/products-category/our-spirits/index.html]
[mh-distillery.com/index0137.html]
[mh-distillery.com/wp-json/oembed/1.0/embed26f6.json]
[mh-distillery.com/supporter/index.html]
[mh-distillery.com/wp-json/oembed/1.0/embed8ac6]
[code.jquery.com/jquery-1.12.4.min.js]
[mh-distillery.com/acsb.js]
[mh-distillery.com/accessibe.js]
[mh-distillery.com/nagishly.js]
[mh-distillery.com/api/index.html]
[mh-distillery.com/index-2.html]
[mh-distillery.com/specifics/index.html]
[mh-distillery.com/assets/js/acsb.154.delayed]
[mh-distillery.com/acsb.css]
[mh-distillery.com/accessibe.css]
[mh-distillery.com/nagishly.css]
[mh-distillery.com/indexa83b.html]
[mh-distillery.com/Trident/index.html]
[mh-distillery.com/index78a8.html]
[mh-distillery.com/assets/audio/beep.mp3]
[mh-distillery.com/assets/audio/error.mp3]
[mh-distillery.com/assets/audio/success.mp3]
[mh-distillery.com/indexfcc7.html]
[mh-distillery.com/indexaab0.html]
[mh-distillery.com/index73e6.html]
[mh-distillery.com/index8b06.html]
[mh-distillery.com/index82b2.html]
[ajax.googleapis.com/ajax/libs/jqueryui/1.12.0/jquery-ui.min.js]
[acsbap.com/api/app/assets/js/acsb.js]
[mh-distillery.com/wp-admin/admin-ajax.html]
[mh-distillery.com/wp-content/plugins/contact-form-7/includes/css/styles-rtlaead.css]
[mh-distillery.com/wp-content/plugins/woocommerce/assets/css/woocommerce-layout-rtlcd45.css]
[mh-distillery.com/wp-content/plugins/woocommerce/assets/css/woocommerce-smallscreen-rtlcd45.css]
[mh-distillery.com/wp-content/plugins/woocommerce/assets/css/woocommerce-rtlcd45.css]
[mh-distillery.com/wp-json/oembed/1.0/embedf095.json]
[mh-distillery.com/wp-json/oembed/1.0/embed1bc5]
[mh-distillery.com/wp-content/themes/anova/assets/images/arrow-he.png]
[mh-distillery.com/wp-content/themes/anova/anova-rtl.css]
[mh-distillery.com/wp-content/themes/anova/assets/images/mini-cart.png]
[mh-distillery.com/wp-content/themes/anova/assets/images/black_arrow_left.png]
[mh-distillery.com/wp-content/themes/anova/assets/images/black_arrow_left_hover.png]
[mh-distillery.com/wp-content/themes/anova/assets/images/select_bg_rtl.png]
[mh-distillery.com/wp-content/themes/anova/style-rtl.css]
[mh-distillery.com/wp-content/themes/anova/assets/css/images/ui-icons_444444_256x240.png]
[mh-distillery.com/wp-content/themes/anova/assets/css/images/ui-icons_777777_256x240.png]
[mh-distillery.com/wp-content/themes/anova/assets/css/images/ui-icons_555555_256x240.png]
[mh-distillery.com/wp-content/themes/anova/assets/css/images/ui-icons_ffffff_256x240.png]
[mh-distillery.com/wp-content/themes/anova/assets/css/images/ui-icons_777620_256x240.png]
[mh-distillery.com/wp-content/themes/anova/assets/css/images/ui-icons_cc0000_256x240.png]
[mh-distillery.com/wp-content/themes/anova/assets/css/jquery-ui.css]
[mh-distillery.com/wp-json/oembed/1.0/embed7f76.json]
[mh-distillery.com/wp-json/oembed/1.0/embedf7b1]
[mh-distillery.com/wp-content/uploads/2016/06/MH-NewMake-small.png]
[mh-distillery.com/wp-content/uploads/2016/06/MH-NM-Medal_Packshot.png]
[mh-distillery.com/wp-content/uploads/2016/06/The-speciality-spirits-masters-Silver-2017.png]
[mh-distillery.com/he/roots/index.html]
[mh-distillery.com/wp-content/uploads/2019/08/MH-miniatures-duty-free.png]
[mh-distillery.com/he/our-products/index.html]
[mh-distillery.com/he/מארזי-חג/index.html]
[mh-distillery.com/wp-json/oembed/1.0/embedd013.json]
[mh-distillery.com/wp-json/oembed/1.0/embed54a0]
[mh-distillery.com/wp-content/uploads/2018/01/Cask-Offer-Brochure.pdf]
[mh-distillery.com/he/cask/index.html]
[mh-distillery.com/he/products-category/קוקטיילים/index.html]
[mh-distillery.com/wp-json/oembed/1.0/embeda6d1.json]
[mh-distillery.com/wp-json/oembed/1.0/embedb1a1]
[mh-distillery.com/wp-content/uploads/2019/08/DSC2844.jpg]
[mh-distillery.com/he/product/עולמו-הקסום-של-הוויסקי-אנגלית/index.html]
[mh-distillery.com/wp-content/themes/anova/assets/images/icon_next_rtl.png]
[mh-distillery.com/he/tours/index.html]
[mh-distillery.com/he/product/עולמו-הקסום-של-הוויסקי/index.html]
[mh-distillery.com/he/product/הסודות-מחדר-החביות/index.html]
[mh-distillery.com/he/product/וויסקי-ובירה/index.html]
[mh-distillery.com/he/product/הסודות-מחדר-החביות-אנגלית/index.html]
[mh-distillery.com/wp-json/oembed/1.0/embed03af.json]
[mh-distillery.com/he/product/סדנת-קוקטיילים/index.html]
[mh-distillery.com/he/product/gin-craze/index.html]
[mh-distillery.com/wp-json/oembed/1.0/embed5bf7]
[mh-distillery.com/he/business-tours/index.html]
[mh-distillery.com/he/product/וויסקי-עולם-חדש/index.html]
[mh-distillery.com/he/product/סדנת-בלנדינג/index.html]
[mh-distillery.com/he/מדיניות-ביטולים-מרכז-המבקרים/index.html]
[mh-distillery.com/wp-json/oembed/1.0/embed396e.json]
[mh-distillery.com/wp-json/oembed/1.0/embed4205]
[mh-distillery.com/wp-content/uploads/2016/03/MH_Who1-he.png]
[mh-distillery.com/wp-content/uploads/2016/03/MH_Who2-he.png]
[mh-distillery.com/wp-content/uploads/2016/03/No_Compromise_heb.png]
[mh-distillery.com/he/about/index.html]
[mh-distillery.com/he/store-category/ישראל/index.html]
[mh-distillery.com/he/bar-category/ישראל/index.html]
[mh-distillery.com/wp-json/oembed/1.0/embed60a2.json]
[mh-distillery.com/he/contact/index.html]
[mh-distillery.com/wp-json/oembed/1.0/embedb767]
[mh-distillery.com/wp-json/oembed/1.0/embedfc21.json]
[mh-distillery.com/he/giftcard/index.html]
[mh-distillery.com/he/visit-our-distillery/index.html]
[mh-distillery.com/he/products-category/our-products-he/index.html]
[mh-distillery.com/he/indexd98b.html]
[mh-distillery.com/wp-json/oembed/1.0/embed6ea5]
[mh-distillery.com/wp-json/oembed/1.0/embedb0cc.json]
[mh-distillery.com/he/supporter/index.html]
[mh-distillery.com/wp-content/plugins/woocommerce-menu-bar-cart/font/fontawesome-webfont3e6e.svg]
[mh-distillery.com/wp-content/plugins/woocommerce/assets/fonts/star.svg]
[mh-distillery.com/wp-content/plugins/woocommerce/assets/fonts/WooCommerce.svg]
[mh-distillery.com/wp-content/plugins/woocommerce/assets/images/icons/loader.svg]
[mh-distillery.com/wp-content/plugins/woocommerce/assets/images/icons/credit-cards/visa.svg]
[mh-distillery.com/wp-content/plugins/woocommerce/assets/images/icons/credit-cards/mastercard.svg]
[mh-distillery.com/wp-content/plugins/woocommerce/assets/images/icons/credit-cards/laser.svg]
[mh-distillery.com/wp-content/plugins/woocommerce/assets/images/icons/credit-cards/diners.svg]
[mh-distillery.com/wp-content/plugins/woocommerce/assets/images/icons/credit-cards/maestro.svg]
[mh-distillery.com/wp-content/plugins/woocommerce/assets/images/icons/credit-cards/jcb.svg]
[mh-distillery.com/wp-content/plugins/woocommerce/assets/images/icons/credit-cards/amex.svg]
[mh-distillery.com/wp-content/plugins/woocommerce/assets/images/icons/credit-cards/discover.svg]
[mh-distillery.com/wp-content/themes/roots/assets/fonts/glyphicons-halflings-regular.svg]
[mh-distillery.com/wp-content/themes/anova/assets/css/fonts/slick.svg]
[mh-distillery.com/wp-content/themes/anova/assets/images/sold_out.svg]
[mh-distillery.com/wp-json/oembed/1.0/embed4445]
[mh-distillery.com/wp-json/oembed/1.0/embeda43e.json]
[mh-distillery.com/wp-json/oembed/1.0/embedf293]
[mh-distillery.com/wp-content/uploads/2018/03/banner-inner-roots-page-ENG-an.jpg]
[mh-distillery.com/wp-content/uploads/2018/03/roots-bottle.jpg]
[mh-distillery.com/wp-content/uploads/2018/03/keren-G.jpg]
[mh-distillery.com/wp-content/uploads/2018/03/erez-1.jpg]
[mh-distillery.com/wp-content/uploads/2018/03/eli-G.jpg]
[mh-distillery.com/wp-content/uploads/2018/03/roni-1.jpg]
[mh-distillery.com/wp-content/uploads/2018/03/avivit-G.jpg]
[mh-distillery.com/wp-content/uploads/2018/03/shibi-1.jpg]
[mh-distillery.com/wp-content/uploads/2018/03/tomer-G.jpg]
[mh-distillery.com/roots/index.html]
[mh-distillery.com/products-category/the-cocktails/page/2/index.html]
[mh-distillery.com/wp-json/oembed/1.0/embedb793.json]
[mh-distillery.com/wp-content/uploads/2019/01/milk-and-honey-1562b-1.jpg]
[mh-distillery.com/wp-content/uploads/2019/01/milk-and-honey-2188.jpg]
[mh-distillery.com/wp-json/oembed/1.0/embede2cf]
[mh-distillery.com/wp-content/uploads/2019/01/IMG_2662.jpg]
[mh-distillery.com/wp-content/plugins/woocommerce/assets/js/frontend/single-product.mincd45.js]
[mh-distillery.com/wp-includes/js/comment-reply.min433d.js]
[mh-distillery.com/wp-content/plugins/woocommerce-bookings/assets/js/booking-form4a80.js]
[mh-distillery.com/wp-includes/js/jquery/ui/core.mine899.js]
[mh-distillery.com/wp-includes/js/jquery/ui/datepicker.mine899.js]
[mh-distillery.com/wp-includes/js/underscore.min4511.js]
[mh-distillery.com/wp-content/plugins/woocommerce-bookings/assets/js/date-picker4a80.js]
[mh-distillery.com/wp-content/plugins/woocommerce-bookings/assets/js/time-picker4a80.js]
[mh-distillery.com/product/the-wonderful-world-of-whisky-english/index.html]
[mh-distillery.com/wp-json/oembed/1.0/embedeb87.json]
[mh-distillery.com/product/the-wonderful-world-of-whisky-hebrew/index.html]
[mh-distillery.com/wp-json/oembed/1.0/embed16b2]
[mh-distillery.com/wp-content/uploads/2018/07/DSC_3831-1024x682.jpg]
[mh-distillery.com/wp-json/oembed/1.0/embed8ea1.json]
[mh-distillery.com/wp-json/oembed/1.0/embed87f1]
[mh-distillery.com/wp-content/uploads/2019/09/IMG-20190704-WA0004.jpg]
[mh-distillery.com/wp-content/uploads/2019/09/milk-and-honey-2064.jpg]
[mh-distillery.com/wp-content/uploads/2019/09/milk-and-honey-2097.jpg]
[mh-distillery.com/product/secrets-of-the-barrel-room-hebrew/index.html]
[mh-distillery.com/wp-json/oembed/1.0/embedaf7a.json]
[mh-distillery.com/product/secrets-of-the-barrel-room-english/index.html]
[mh-distillery.com/wp-json/oembed/1.0/embed8da2]
[mh-distillery.com/wp-json/oembed/1.0/embed4e23.json]
[mh-distillery.com/wp-json/oembed/1.0/embeda6c5]
[mh-distillery.com/wp-content/uploads/2019/09/DSC_3714.jpg]
[mh-distillery.com/wp-content/uploads/2019/09/DSC_3511.jpg]
[mh-distillery.com/product/cocktail-workshop-and-distillery-tour-hebrew/index.html]
[mh-distillery.com/wp-json/oembed/1.0/embed0c8c.json]
[mh-distillery.com/wp-json/oembed/1.0/embed52a1]
[mh-distillery.com/wp-content/uploads/2018/07/MH_visit_pic5.png]
[mh-distillery.com/wp-content/uploads/2019/09/untitled-58.jpg]
[mh-distillery.com/wp-content/uploads/2019/09/untitled-10-3.jpg]
[mh-distillery.com/wp-content/uploads/2019/09/milk-and-honey-2031.jpg]
[mh-distillery.com/product/gin-craze-hebrew/index.html]
[mh-distillery.com/wp-content/uploads/2018/12/MHII_0217-1024x683.jpg]
[mh-distillery.com/wp-json/oembed/1.0/embedfbfe.json]
[mh-distillery.com/wp-json/oembed/1.0/embedb4b9]
[mh-distillery.com/wp-content/uploads/2018/07/MH_visit_pic1-R.png]
[mh-distillery.com/wp-content/uploads/2019/09/shahar-181218-0407-Blazer.jpg]
[mh-distillery.com/wp-content/uploads/2019/09/untitled-4.jpg]
[mh-distillery.com/product/the-new-world-of-whisky-hebrew__trashed/index.html]
[mh-distillery.com/wp-json/oembed/1.0/embed8587.json]
[mh-distillery.com/wp-json/oembed/1.0/embed4fa5]
[mh-distillery.com/wp-content/uploads/2019/09/db-6346-2.jpg]
[mh-distillery.com/wp-content/uploads/2019/09/db-6296-2.jpg]
[mh-distillery.com/product/distillers-experience-hebrew/index.html]
[mh-distillery.com/store-category/israel/index.html]
[mh-distillery.com/wp-json/oembed/1.0/embedf9c3.json]
[mh-distillery.com/wp-json/oembed/1.0/embed7c09]
[mh-distillery.com/he/contact.html]
[mh-distillery.com/cancellation-policy/index.html]
[mh-distillery.com/products-category/our-products/index.html]
[mh-distillery.com/he/store-category/אירופה/index.html]
[mh-distillery.com/store-category/europe/page/2/index.html]
[mh-distillery.com/store-category/israel/page/2/index.html]
[mh-distillery.com/store-category/europe/page/3/index.html]
[mh-distillery.com/store-category/europe/netherlands/index2426.html]
[mh-distillery.com/he/store-category/אירופה/הולנד/index.html]
[mh-distillery.com/store-category/europe/netherlands/index.html]
[mh-distillery.com/store-category/europe/belgium-3/index5193.html]
[mh-distillery.com/store-category/europe/netherlands/page/2/index.html]
[mh-distillery.com/store-category/europe/united-kingdom/indexf8ad.html]
[mh-distillery.com/store-category/europe/belgium-3/index.html]
[mh-distillery.com/store-category/europe/france/indexeede.html]
[mh-distillery.com/store-category/europe/belgium-3/page/2/index.html]
[mh-distillery.com/store-category/europe/luxembourg/indexcf95.html]
[mh-distillery.com/store-category/europe/united-kingdom/index.html]
[mh-distillery.com/store-category/israel/tel-aviv/indexf62b.html]
[mh-distillery.com/store-category/europe/france/index.html]
[mh-distillery.com/store-category/europe/luxembourg/index.html]
[mh-distillery.com/store-category/israel/north/index6267.html]
[mh-distillery.com/store-category/israel/tel-aviv/index.html]
[mh-distillery.com/he/store-category/ישראל/תל-אביב/index.html]
[mh-distillery.com/store-category/israel/tel-aviv/page/2/index.html]
[mh-distillery.com/store-category/israel/center/index82d5.html]
[mh-distillery.com/he/store-category/ישראל/צפון/index.html]
[mh-distillery.com/store-category/israel/north/index.html]
[mh-distillery.com/store-category/israel/south/indexa611.html]
[mh-distillery.com/store-category/israel/north/page/2/index.html]
[mh-distillery.com/store-category/israel/center/index.html]
[mh-distillery.com/bar-category/israel/page/2/index.html]
[mh-distillery.com/store-category/israel/center/page/2/index.html]
[mh-distillery.com/he/store-category/ישראל/דרום/index.html]
[mh-distillery.com/bar-category/europe/index.html]
[mh-distillery.com/store-category/israel/south/index.html]
[mh-distillery.com/bar-category/europe/france/indexa4cd.html]
[mh-distillery.com/he/store-category/ישראל/מרכז/index.html]
[mh-distillery.com/bar-category/israel/tel-aviv/index6bc1.html]
[mh-distillery.com/bar-category/europe/france/index.html]
[mh-distillery.com/acsb.html]
[mh-distillery.com/he/bar-category/אירופה/index.html]
[mh-distillery.com/accessibe.html]
[mh-distillery.com/bar-category/israel/tel-aviv/index.html]
[mh-distillery.com/nagishly.html]
[mh-distillery.com/api/index.html]
[mh-distillery.com/specifics/index.html]
[mh-distillery.com/index-2.html]
[mh-distillery.com/assets/js/acsb.html]
[mh-distillery.com/acsb-2.html]
[mh-distillery.com/accessibe-2.html]
[mh-distillery.com/nagishly-2.html]
[mh-distillery.com/Trident/index.html]
[mh-distillery.com/indexa83b.html]
[mh-distillery.com/index78a8.html]
[mh-distillery.com/assets/audio/beep.html]
[mh-distillery.com/assets/audio/error.html]
[mh-distillery.com/assets/audio/success.html]
[mh-distillery.com/indexfcc7.html]
[mh-distillery.com/indexaab0.html]
[mh-distillery.com/index73e6.html]
[mh-distillery.com/index8b06.html]
[mh-distillery.com/index82b2.html]
[fonts.googleapis.com/earlyaccess/opensanshebrew.css]
[mh-distillery.com/wp-content/themes/anova/assets/css/images/ui-icons_777777_256x240.html]
[mh-distillery.com/wp-content/themes/anova/assets/css/images/ui-icons_ffffff_256x240.html]
[mh-distillery.com/wp-content/themes/anova/assets/css/images/ui-icons_777620_256x240.html]
[mh-distillery.com/wp-content/themes/anova/assets/css/images/ui-icons_cc0000_256x240.html]
[mh-distillery.com/he/bar-category/ישראל/תל-אביב/index.html]
[mh-distillery.com/bar-category/israel/tel-aviv/page/2/index.html]
[mh-distillery.com/wp-json/oembed/1.0/embed802d.json]
[mh-distillery.com/wp-json/oembed/1.0/embed74d4]
[mh-distillery.com/wp-content/uploads/2018/03/banner-inner-roots-page-heb2.jpg]
[mh-distillery.com/wp-content/uploads/2018/03/ROOTS-LQ230a.mp4]
[mh-distillery.com/wp-content/uploads/2018/03/ROOTS-LQ.mp4]
[mh-distillery.com/wp-content/uploads/2018/03/MH_70_button.png]
[mh-distillery.com/wp-content/uploads/2018/03/KEREN-12.4-1e6f8.mp4]
[mh-distillery.com/wp-content/uploads/2018/03/KEREN-12.4-1.mp4]
[mh-distillery.com/wp-content/uploads/2018/03/EREZ-12.44640.mp4]
[mh-distillery.com/wp-content/uploads/2018/03/EREZ-12.4.mp4]
[mh-distillery.com/wp-content/uploads/2018/03/ELI-12.43161.mp4]
[mh-distillery.com/wp-content/uploads/2018/03/ELI-12.4.mp4]
[mh-distillery.com/wp-content/uploads/2018/04/RONI-12.4b90e.mp4]
[mh-distillery.com/wp-content/uploads/2018/04/RONI-12.4.mp4]
[mh-distillery.com/wp-content/uploads/2018/04/AVIVIT-12.45f62.mp4]
[mh-distillery.com/wp-content/uploads/2018/04/AVIVIT-12.4.mp4]
[mh-distillery.com/wp-content/uploads/2018/04/TOMER-12.4-21884.mp4]
[mh-distillery.com/wp-content/uploads/2018/04/TOMER-12.4-2.mp4]
[mh-distillery.com/wp-includes/js/mediaelement/mediaelement-and-player.min45a0.js]
[mh-distillery.com/wp-includes/js/mediaelement/mediaelement-migrate.min433d.js]
[mh-distillery.com/wp-includes/js/mediaelement/wp-mediaelement.min433d.js]
[mh-distillery.com/wp-includes/js/mediaelement/renderers/vimeo.min45a0.js]
[mh-distillery.com/he/roots/index.html]
[mh-distillery.com/he/product/עולמו-הקסום-של-הוויסקי-אנגלית/index.html]
[mh-distillery.com/he/product/עולמו-הקסום-של-הוויסקי/index.html]
[mh-distillery.com/he/product/הסודות-מחדר-החביות/index.html]
[mh-distillery.com/he/product/וויסקי-ובירה/index.html]
[mh-distillery.com/he/product/הסודות-מחדר-החביות-אנגלית/index.html]
[mh-distillery.com/he/product/סדנת-קוקטיילים/index.html]
[mh-distillery.com/wp-json/oembed/1.0/embedc41b.json]
[mh-distillery.com/wp-json/oembed/1.0/embed5b2d]
[mh-distillery.com/he/product/gin-craze/index.html]
[mh-distillery.com/he/product/וויסקי-עולם-חדש/index.html]
[mh-distillery.com/he/product/סדנת-בלנדינג/index.html]
[mh-distillery.com/he/מדיניות-ביטולים-מרכז-המבקרים/index.html]
[mh-distillery.com/store-category/israel/page/2/index.html]
[mh-distillery.com/he/contact.html]
[mh-distillery.com/store-category/europe/page/3/index.html]
[mh-distillery.com/store-category/israel/page/3/index.html]
[mh-distillery.com/he/store-category/אירופה/הולנד/index.html]
[mh-distillery.com/store-category/europe/netherlands/index.html]
[mh-distillery.com/store-category/europe/netherlands/page/2/index.html]
[mh-distillery.com/store-category/europe/page/4/index.html]
[mh-distillery.com/store-category/europe/belgium-3/index.html]
[mh-distillery.com/store-category/europe/belgium-3/page/2/index.html]
[mh-distillery.com/store-category/europe/united-kingdom/index.html]
[mh-distillery.com/store-category/europe/france/index.html]
[mh-distillery.com/store-category/europe/luxembourg/index.html]
[mh-distillery.com/he/store-category/ישראל/תל-אביב/index.html]
[mh-distillery.com/store-category/israel/tel-aviv/index.html]
[mh-distillery.com/store-category/israel/tel-aviv/page/2/index.html]
[mh-distillery.com/he/store-category/ישראל/צפון/index.html]
[mh-distillery.com/store-category/israel/north/index.html]
[mh-distillery.com/store-category/israel/north/page/2/index.html]
[mh-distillery.com/he/store-category/ישראל/מרכז/index.html]
[mh-distillery.com/store-category/israel/center/index.html]
[mh-distillery.com/store-category/israel/center/page/2/index.html]
[mh-distillery.com/store-category/europe/netherlands/page/3/index.html]
[mh-distillery.com/he/store-category/ישראל/דרום/index.html]
[mh-distillery.com/store-category/israel/south/index.html]
[mh-distillery.com/he/bar-category/אירופה/index.html]
[mh-distillery.com/bar-category/europe/france/index.html]
[mh-distillery.com/he/bar-category/ישראל/תל-אביב/index.html]
[mh-distillery.com/bar-category/israel/tel-aviv/index.html]
[mh-distillery.com/bar-category/israel/tel-aviv/page/2/index.html]
[mh-distillery.com/store-category/israel/center/page/3/index.html]
[mh-distillery.com/wp-includes/js/mediaelement/mediaelementplayer-legacy.min45a0.css]
[mh-distillery.com/wp-includes/js/mediaelement/wp-mediaelement.min433d.css]
[mh-distillery.com/store-category/israel/page/3/index.html]
[mh-distillery.com/store-category/europe/page/4/index.html]
[mh-distillery.com/store-category/europe/netherlands/page/3/index.html]
[mh-distillery.com/store-category/israel/center/page/3/index.html]
[mh-distillery.com/wp-content/uploads/2018/04/TOMER-12.4-21884.mp4]
[mh-distillery.com/wp-includes/js/mediaelement/mejs-controls.svg]
[mh-distillery.com/store-category/israel/page/4/index.html]
[mh-distillery.com/store-category/europe/page/5/index.html]
[mh-distillery.com/store-category/europe/netherlands/page/4/index.html]
[mh-distillery.com/store-category/israel/center/page/4/index.html]
